none
none
-5.52 -7.44
none
none
none
none
none
-9.20 3.42
none
-2.71 -3.20
none
none
none
none
-6.80 -0.32
none
none
none
none
none
none
none
11.67 -4.67
none
10.28 -5.45
-2.88 13.28
1.57 2.56
none
none
10.71 2.17
-13.33 11.62
none
none
none
8.66 1.10
3.48 -16.59
none
none
none
none
11.35 -1.35
-0.39 -11.34
none
10.75 0.75
none
0.03 -9.21
none
5.84 4.55
5.69 6.85
none
none
-4.74 -10.76
none
none
11.09 -14.13
1.55 -2.24
none
none
none
-15.38 11.03
-12.47 16.52
none
none
-4.91 11.25
none
none
none
none
none
15.76 2.19
none
9.61 -1.30
none
none
none
none
none
none
none
none
none
none
none
-6.81 8.49
3.89 2.73
-14.98 -1.62
none
none
-7.20 7.77
none
-9.23 2.62
none
none
none
none
none
none
none
none
none
none
none
none
none
2.44 -5.32
none
none
2.95 -9.46
-6.59 -5.41
none
-7.68 10.29
-1.36 10.01
none
none
none
-13.14 6.76
none
none
none
none
none
-5.40 -8.02
none
none
none
-1.76 0.09
5.76 -8.27
none
none
none
none
none
none
none
10.71 -4.94
8.00 5.00
-15.68 -15.09
none
none
none
none
none
none
none
8.28 0.40
none
none
none
none
none
none
none
none
none
none
none
none
none
5.31 14.41
none
-3.08 -3.47
3.38 -5.75
none
none
none
none
none
2.79 1.68
5.64 -8.71
-2.54 -7.29
none
7.00 -5.62
none
none
8.62 6.60
none
-9.43 0.27
7.17 -3.60
none
none
none
none
none
none
none
-3.75 -15.36
none
none
none
-3.16 6.49
none
none
none
none
none
-15.77 11.69
-2.74 -12.16
none
none
none
none
none
-10.03 -0.86
none
none
none
none
none
none
none
none
none
none
none
none
none
none
none
none
none
none
none
none
none
-4.71 0.38
7.46 4.86
none
none
-2.27 -14.03
none
none
none
none
none
10.74 -1.62
-1.72 -2.47
none
none
none
none
none
-0.12 -10.69
none
none
-5.07 -15.90
none
14.67 -0.67
none
none
none
none
none
none
none
none
none
none
none
none
none
none
none
-3.05 8.78
none
none
none
none
none
9.26 12.44
none
none
none
none
none
none
none
none
5.61 9.99
none
none
-11.45 17.72
6.45 -9.00
4.57 1.57
none
none
none
-3.61 -14.62
none
none
1.64 -6.34
none
none
1.45 8.87
none
11.72 5.49
none
none
none
none
none
6.00 7.00
none
none
none
none
4.31 9.93
none
-12.25 6.37
none
none
none
none
none
none
none
none
none
none
none
none
none
none
none
-0.04 14.05
-10.32 5.51
none
none
5.20 4.07
none
none
none
none
none
-5.50 7.26
-8.70 9.32
none
none
-6.39 0.70
7.85 -1.73
none
none
none
2.84 13.30
none
none
none
none
none
none
none
none
none
none
none
none
none
none
none
none
none
-7.48 -1.18
none
5.35 13.04
none
-4.87 -6.36
15.98 5.47
none
none
none
none
-4.86 -3.22
none
none
none
none
none
none
none
none
none
none
none
none
none
none
none
none
none
none
none
none
none
none
none
19.00 3.97
-8.71 -7.71
none
6.64 -14.18
-17.90 -11.00
none
none
none
none
none
none
16.42 5.06
none
none
-11.80 -11.48
none
none
none
none
none
none
none
3.52 -1.68
none
none
none
none
none
9.83 -10.88
none
-0.02 9.66
none
none
-1.31 -2.70
none
none
11.87 -11.58
none
-15.10 -12.32
none
none
2.88 13.87
none
none
-2.89 7.92
none
-5.68 1.77
none
none
none
none
none
none
none
none
none
10.82 -0.46
none
7.59 -0.62
none
none
none
none
none
none
none
none
none
-12.53 11.87
none
none
none
-0.25 -2.75
none
none
-0.03 12.19
-7.33 -13.36
-11.86 -8.36
-1.85 -7.80
none
none
none
-6.92 -5.76
none
none
none
none
none
none
none
none
4.53 3.75
none
4.21 -6.93
none
none
none
none
none
none
none
none
none
none
11.98 -7.40
